// Vitest Snapshot v1, https://vitest.dev/guide/snapshot.html

exports[`themeToVars — Cosmos dark snapshot > produces the expected --token-* map 1`] = `
{
  "--token-badge-background": "#6366f1",
  "--token-badge-padding-x": "10px",
  "--token-badge-padding-y": "4px",
  "--token-badge-radius": "9999px",
  "--token-badge-text": "#ffffff",
  "--token-border-default": "rgba(255, 255, 255, 0.08)",
  "--token-border-strong": "#6366f1",
  "--token-border-subtle": "rgba(255, 255, 255, 0.08)",
  "--token-color-brand-500": "#6366f1",
  "--token-color-brand-500-rgb": "99, 102, 241",
  "--token-color-brand-600": "#a855f7",
  "--token-color-danger-500": "#ef4444",
  "--token-color-danger-600": "#dc2626",
  "--token-color-info-500": "#0ea5e9",
  "--token-color-info-600": "#0284c7",
  "--token-color-neutral-100": "#f3f4f6",
  "--token-color-neutral-200": "#e5e7eb",
  "--token-color-neutral-300": "#d1d5db",
  "--token-color-neutral-400": "#9ca3af",
  "--token-color-neutral-50": "#fafafa",
  "--token-color-neutral-500": "#6b7280",
  "--token-color-neutral-600": "#4b5563",
  "--token-color-neutral-700": "#374151",
  "--token-color-neutral-800": "#1f2937",
  "--token-color-neutral-900": "#111827",
  "--token-color-success-500": "#22c55e",
  "--token-color-success-600": "#16a34a",
  "--token-color-warning-500": "#f59e0b",
  "--token-color-warning-600": "#d97706",
  "--token-control-background": "rgba(30, 30, 40, 0.6)",
  "--token-control-border-color": "rgba(255, 255, 255, 0.08)",
  "--token-control-height": "36px",
  "--token-control-placeholder": "#6c6c7e",
  "--token-control-radius": "8px",
  "--token-control-text": "#e8e8f0",
  "--token-focus-ring": "rgba(99, 102, 241, 0.3)",
  "--token-font-base": "'Outfit', 'Inter', sans-serif",
  "--token-font-mono": "'Fira Code', 'SFMono-Regular', Menlo, monospace",
  "--token-font-size-2xl": "24px",
  "--token-font-size-lg": "18px",
  "--token-font-size-md": "16px",
  "--token-font-size-sm": "14px",
  "--token-font-size-xl": "20px",
  "--token-font-size-xs": "12px",
  "--token-font-weight-bold": "700",
  "--token-font-weight-medium": "500",
  "--token-font-weight-regular": "400",
  "--token-font-weight-semibold": "600",
  "--token-glow": "rgba(99, 102, 241, 0.3)",
  "--token-interactive-ghost-active-bg": "rgba(30, 30, 40, 0.6)",
  "--token-interactive-ghost-bg": "transparent",
  "--token-interactive-ghost-border": "transparent",
  "--token-interactive-ghost-fg": "#e8e8f0",
  "--token-interactive-ghost-hover-bg": "rgba(30, 30, 40, 0.6)",
  "--token-interactive-primary-active-bg": "#a855f7",
  "--token-interactive-primary-bg": "#6366f1",
  "--token-interactive-primary-border": "#6366f1",
  "--token-interactive-primary-fg": "#ffffff",
  "--token-interactive-primary-hover-bg": "#a855f7",
  "--token-interactive-secondary-active-bg": "rgba(30, 30, 40, 0.6)",
  "--token-interactive-secondary-bg": "rgba(30, 30, 40, 0.6)",
  "--token-interactive-secondary-border": "rgba(255, 255, 255, 0.08)",
  "--token-interactive-secondary-fg": "#e8e8f0",
  "--token-interactive-secondary-hover-bg": "rgba(30, 30, 40, 0.6)",
  "--token-line-height-normal": "1.5",
  "--token-line-height-relaxed": "1.75",
  "--token-line-height-tight": "1.2",
  "--token-radius-full": "9999px",
  "--token-radius-lg": "14px",
  "--token-radius-md": "10px",
  "--token-radius-none": "0px",
  "--token-radius-sm": "6px",
  "--token-radius-xl": "18px",
  "--token-spacing-0": "0px",
  "--token-spacing-1": "4px",
  "--token-spacing-12": "48px",
  "--token-spacing-16": "64px",
  "--token-spacing-2": "8px",
  "--token-spacing-3": "12px",
  "--token-spacing-4": "16px",
  "--token-spacing-6": "24px",
  "--token-spacing-8": "32px",
  "--token-status-danger-bg": "#991b1b",
  "--token-status-danger-border": "#ef4444",
  "--token-status-danger-fg": "#fee2e2",
  "--token-status-success-bg": "#166534",
  "--token-status-success-border": "#22c55e",
  "--token-status-success-fg": "#dcfce7",
  "--token-status-warning-bg": "#92400e",
  "--token-status-warning-border": "#f59e0b",
  "--token-status-warning-fg": "#fef3c7",
  "--token-surface-canvas": "radial-gradient(ellipse at 20% 20%, rgba(99, 102, 241, 0.15) 0%, transparent 50%), radial-gradient(ellipse at 80% 80%, rgba(168, 85, 247, 0.1) 0%, transparent 50%), radial-gradient(ellipse at 50% 50%, rgba(16, 185, 129, 0.05) 0%, transparent 50%), #0a0a0f",
  "--token-surface-card": "rgba(30, 30, 40, 0.6)",
  "--token-surface-overlay": "rgba(30, 30, 40, 0.6)",
  "--token-surface-sunken": "radial-gradient(ellipse at 20% 20%, rgba(99, 102, 241, 0.15) 0%, transparent 50%), radial-gradient(ellipse at 80% 80%, rgba(168, 85, 247, 0.1) 0%, transparent 50%), radial-gradient(ellipse at 50% 50%, rgba(16, 185, 129, 0.05) 0%, transparent 50%), #0a0a0f",
  "--token-text-inverse": "#101828",
  "--token-text-link": "#6366f1",
  "--token-text-muted": "#6c6c7e",
  "--token-text-primary": "#e8e8f0",
  "--token-toolbar-background": "rgba(30, 30, 40, 0.6)",
  "--token-toolbar-divider": "rgba(255, 255, 255, 0.08)",
  "--token-toolbar-height": "56px",
  "--token-toolbar-icon": "#6c6c7e",
  "--token-toolbar-text": "#e8e8f0",
  "--token-widget-background": "rgba(30, 30, 40, 0.6)",
  "--token-widget-border-color": "rgba(255, 255, 255, 0.08)",
  "--token-widget-border-width": "1px",
  "--token-widget-padding": "12px",
  "--token-widget-radius": "12px",
}
`;
